src/App.tsx(4,50): error TS2307: Cannot find module '@tanstack/react-query' or its corresponding type declarations.
src/components/admin/reports/CustomerActivityReport.tsx(45,63): error TS7006: Parameter 'c' implicitly has an 'any' type.
src/components/admin/reports/CustomerActivityReport.tsx(46,62): error TS7006: Parameter 'c' implicitly has an 'any' type.
src/components/admin/reports/PaymentStatusReport.tsx(66,43): error TS7006: Parameter 'customer' implicitly has an 'any' type.
src/components/admin/reports/ProductPopularityReport.tsx(43,19): error TS7006: Parameter 'p' implicitly has an 'any' type.
src/components/admin/reports/SalesReport.tsx(35,19): error TS7006: Parameter 'p' implicitly has an 'any' type.
src/components/admin/reports/SalesReport.tsx(90,56): error TS7006: Parameter 'product' implicitly has an 'any' type.
src/components/admin/reports/SalesReport.tsx(143,46): error TS7006: Parameter 'product' implicitly has an 'any' type.
src/components/invoices/CustomerInvoiceDetailModal.tsx(1,26): error TS2307: Cannot find module '@tanstack/react-query' or its corresponding type declarations.
src/components/invoices/CustomerInvoiceDetailModal.tsx(113,6): error TS7006: Parameter 'sum' implicitly has an 'any' type.
src/components/invoices/CustomerInvoiceDetailModal.tsx(113,11): error TS7006: Parameter 'payment' implicitly has an 'any' type.
src/components/invoices/CustomerInvoiceDetailModal.tsx(227,45): error TS7006: Parameter 'item' implicitly has an 'any' type.
src/components/invoices/CustomerInvoiceDetailModal.tsx(315,44): error TS7006: Parameter 'payment' implicitly has an 'any' type.
src/components/ProductCard.test.tsx(3,23): error TS2307: Cannot find module '@testing-library/user-event' or its corresponding type declarations.
src/components/StaffHistoryModal.tsx(1,45): error TS2307: Cannot find module 'lucide-react' or its corresponding type declarations.
src/components/StaffHistoryModal.tsx(20,44): error TS7006: Parameter 'o' implicitly has an 'any' type.
src/components/ui/Modal.tsx(2,19): error TS2307: Cannot find module 'lucide-react' or its corresponding type declarations.
src/hooks/useAdminAudit.ts(1,26): error TS2307: Cannot find module '@tanstack/react-query' or its corresponding type declarations.
src/hooks/useAdminCredits.ts(1,55): error TS2307: Cannot find module '@tanstack/react-query' or its corresponding type declarations.
src/hooks/useAdminCustomers.ts(1,55): error TS2307: Cannot find module '@tanstack/react-query' or its corresponding type declarations.
src/hooks/useAdminCustomers.ts(97,17): error TS7006: Parameter '_' implicitly has an 'any' type.
src/hooks/useAdminCustomers.ts(97,20): error TS7006: Parameter 'variables' implicitly has an 'any' type.
src/hooks/useAdminInvoices.ts(1,55): error TS2307: Cannot find module '@tanstack/react-query' or its corresponding type declarations.
src/hooks/useAdminNotifications.ts(1,55): error TS2307: Cannot find module '@tanstack/react-query' or its corresponding type declarations.
src/hooks/useAdminOrders.ts(1,55): error TS2307: Cannot find module '@tanstack/react-query' or its corresponding type declarations.
src/hooks/useAdminPackingLists.ts(1,39): error TS2307: Cannot find module '@tanstack/react-query' or its corresponding type declarations.
src/hooks/useAdminPayments.ts(1,55): error TS2307: Cannot find module '@tanstack/react-query' or its corresponding type declarations.
src/hooks/useAdminProducts.ts(1,55): error TS2307: Cannot find module '@tanstack/react-query' or its corresponding type declarations.
src/hooks/useAdminReports.ts(1,26): error TS2307: Cannot find module '@tanstack/react-query' or its corresponding type declarations.
src/hooks/useAdminUsers.ts(1,26): error TS2307: Cannot find module '@tanstack/react-query' or its corresponding type declarations.
src/hooks/useAuth.test.ts(3,50): error TS2307: Cannot find module '@tanstack/react-query' or its corresponding type declarations.
src/hooks/useAuth.ts(1,29): error TS2307: Cannot find module '@tanstack/react-query' or its corresponding type declarations.
src/hooks/useAuth.ts(79,17): error TS7006: Parameter 'data' implicitly has an 'any' type.
src/hooks/useAuth.ts(94,17): error TS7006: Parameter 'data' implicitly has an 'any' type.
src/hooks/useAuth.ts(109,17): error TS7006: Parameter 'data' implicitly has an 'any' type.
src/hooks/useAuth.ts(138,17): error TS7006: Parameter 'data' implicitly has an 'any' type.
src/hooks/useCategories.ts(1,55): error TS2307: Cannot find module '@tanstack/react-query' or its corresponding type declarations.
src/hooks/useClientDashboard.ts(1,26): error TS2307: Cannot find module '@tanstack/react-query' or its corresponding type declarations.
src/hooks/useCustomer.ts(1,55): error TS2307: Cannot find module '@tanstack/react-query' or its corresponding type declarations.
src/hooks/useCustomer.ts(66,17): error TS7006: Parameter 'data' implicitly has an 'any' type.
src/hooks/useDriverLogs.ts(1,55): error TS2307: Cannot find module '@tanstack/react-query' or its corresponding type declarations.
src/hooks/useInvoicePDF.ts(1,29): error TS2307: Cannot find module '@tanstack/react-query' or its corresponding type declarations.
src/hooks/useOrders.ts(1,55): error TS2307: Cannot find module '@tanstack/react-query' or its corresponding type declarations.
src/hooks/useProducts.ts(1,26): error TS2307: Cannot find module '@tanstack/react-query' or its corresponding type declarations.
src/hooks/useReports.ts(1,26): error TS2307: Cannot find module '@tanstack/react-query' or its corresponding type declarations.
src/hooks/useStockOrders.ts(1,55): error TS2307: Cannot find module '@tanstack/react-query' or its corresponding type declarations.
src/hooks/useStockOrders.ts(152,17): error TS7006: Parameter '_' implicitly has an 'any' type.
src/hooks/useStockOrders.ts(152,20): error TS7006: Parameter 'variables' implicitly has an 'any' type.
src/hooks/useSuppliers.ts(1,26): error TS2307: Cannot find module '@tanstack/react-query' or its corresponding type declarations.
src/hooks/useUpload.ts(1,55): error TS2307: Cannot find module '@tanstack/react-query' or its corresponding type declarations.
src/pages/admin/AdminDashboard.tsx(1,26): error TS2307: Cannot find module '@tanstack/react-query' or its corresponding type declarations.
src/pages/admin/AdminDashboard.tsx(12,8): error TS2307: Cannot find module 'lucide-react' or its corresponding type declarations.
src/pages/admin/AdminProfile.tsx(4,45): error TS2307: Cannot find module '@tanstack/react-query' or its corresponding type declarations.
src/pages/admin/AdminProfile.tsx(30,17): error TS7006: Parameter 'data' implicitly has an 'any' type.
src/pages/admin/AuditManagement.tsx(85,46): error TS7006: Parameter 'log' implicitly has an 'any' type.
src/pages/admin/CustomerDetail.tsx(5,72): error TS2307: Cannot find module 'lucide-react' or its corresponding type declarations.
src/pages/admin/CustomersManagement.tsx(23,48): error TS7006: Parameter 'customer' implicitly has an 'any' type.
src/pages/admin/CustomersManagement.tsx(271,41): error TS7006: Parameter 'customer' implicitly has an 'any' type.
src/pages/admin/CustomersManagement.tsx(324,35): error TS7006: Parameter 'customer' implicitly has an 'any' type.
src/pages/admin/InvoicesManagement.tsx(11,48): error TS2307: Cannot find module 'lucide-react' or its corresponding type declarations.
src/pages/admin/InvoicesManagement.tsx(126,29): error TS7006: Parameter 'invoice' implicitly has an 'any' type.
src/pages/admin/InvoicesManagement.tsx(141,25): error TS7006: Parameter 'invoice' implicitly has an 'any' type.
src/pages/admin/InvoicesManagement.tsx(603,32): error TS7006: Parameter 'payment' implicitly has an 'any' type.
src/pages/admin/NotificationsManagement.tsx(83,37): error TS7006: Parameter 'notification' implicitly has an 'any' type.
src/pages/admin/OrdersManagement.tsx(190,29): error TS7006: Parameter 'order' implicitly has an 'any' type.
src/pages/admin/OrdersManagement.tsx(224,38): error TS7006: Parameter 'packer' implicitly has an 'any' type.
src/pages/admin/OrdersManagement.tsx(236,41): error TS7006: Parameter 'i' implicitly has an 'any' type.
src/pages/admin/OrdersManagement.tsx(239,41): error TS7006: Parameter 'i' implicitly has an 'any' type.
src/pages/admin/OrdersManagement.tsx(242,43): error TS7006: Parameter 'i' implicitly has an 'any' type.
src/pages/admin/OrdersManagement.tsx(264,23): error TS7006: Parameter 'order' implicitly has an 'any' type.
src/pages/admin/OrdersManagement.tsx(293,35): error TS7006: Parameter 'i' implicitly has an 'any' type.
src/pages/admin/OrdersManagement.tsx(296,35): error TS7006: Parameter 'i' implicitly has an 'any' type.
src/pages/admin/OrdersManagement.tsx(554,37): error TS7006: Parameter 'sum' implicitly has an 'any' type.
src/pages/admin/OrdersManagement.tsx(554,42): error TS7006: Parameter 'item' implicitly has an 'any' type.
src/pages/admin/OrdersManagement.tsx(573,33): error TS7006: Parameter 'i' implicitly has an 'any' type.
src/pages/admin/OrdersManagement.tsx(576,33): error TS7006: Parameter 'i' implicitly has an 'any' type.
src/pages/admin/OrdersManagement.tsx(617,37): error TS7006: Parameter 'item' implicitly has an 'any' type.
src/pages/admin/OrdersManagement.tsx(651,33): error TS7006: Parameter 'item' implicitly has an 'any' type.
src/pages/admin/OrdersManagement.tsx(882,31): error TS7006: Parameter 'order' implicitly has an 'any' type.
src/pages/admin/OrdersManagement.tsx(1027,30): error TS7006: Parameter 'item' implicitly has an 'any' type.
src/pages/admin/OrdersManagement.tsx(1073,51): error TS7006: Parameter 'item' implicitly has an 'any' type.
src/pages/admin/OrdersManagement.tsx(1074,48): error TS7006: Parameter 'sum' implicitly has an 'any' type.
src/pages/admin/OrdersManagement.tsx(1074,53): error TS7006: Parameter 'item' implicitly has an 'any' type.
src/pages/admin/OrdersManagement.tsx(1123,38): error TS7006: Parameter 'item' implicitly has an 'any' type.
src/pages/admin/PackingListsManagement.tsx(19,96): error TS18046: 'list' is of type 'unknown'.
src/pages/admin/PackingListsManagement.tsx(65,19): error TS2322: Type 'unknown' is not assignable to type 'ReactNode'.
src/pages/admin/PackingListsManagement.tsx(80,44): error TS7006: Parameter 'order' implicitly has an 'any' type.
src/pages/admin/PaymentsManagement.tsx(213,32): error TS7006: Parameter 'payment' implicitly has an 'any' type.
src/pages/admin/PaymentsManagement.tsx(238,28): error TS7006: Parameter 'payment' implicitly has an 'any' type.
src/pages/admin/PaymentsManagement.tsx(304,38): error TS7006: Parameter 'inv' implicitly has an 'any' type.
src/pages/admin/PaymentsManagement.tsx(318,42): error TS7006: Parameter 'inv' implicitly has an 'any' type.
src/pages/admin/PaymentsManagement.tsx(352,33): error TS7006: Parameter 'invoice' implicitly has an 'any' type.
src/pages/admin/ProductsManagement.test.tsx(4,23): error TS2307: Cannot find module '@testing-library/user-event' or its corresponding type declarations.
src/pages/admin/ProductsManagement.tsx(2,55): error TS2307: Cannot find module '@tanstack/react-query' or its corresponding type declarations.
src/pages/admin/ProductsManagement.tsx(4,91): error TS2307: Cannot find module 'lucide-react' or its corresponding type declarations.
src/pages/admin/ProductsManagement.tsx(157,21): error TS7006: Parameter 'response' implicitly has an 'any' type.
src/pages/admin/ShortDeliveryManagement.tsx(56,52): error TS7006: Parameter 'order' implicitly has an 'any' type.
src/pages/admin/ShortDeliveryManagement.tsx(123,59): error TS7006: Parameter 'c' implicitly has an 'any' type.
src/pages/admin/ShortDeliveryManagement.tsx(155,40): error TS7006: Parameter 'credit' implicitly has an 'any' type.
src/pages/admin/ShortDeliveryManagement.tsx(191,38): error TS7006: Parameter 'o' implicitly has an 'any' type.
src/pages/admin/ShortDeliveryManagement.tsx(210,38): error TS7006: Parameter 'p' implicitly has an 'any' type.
src/pages/admin/ShortDeliveryManagement.tsx(273,31): error TS7006: Parameter 'order' implicitly has an 'any' type.
src/pages/admin/ShortDeliveryManagement.tsx(286,43): error TS7006: Parameter 'item' implicitly has an 'any' type.
src/pages/admin/ShortDeliveryManagement.tsx(307,46): error TS7006: Parameter 'item' implicitly has an 'any' type.
src/pages/admin/ShortDeliveryManagement.tsx(356,54): error TS7006: Parameter 'p' implicitly has an 'any' type.
src/pages/admin/StaffManagement.tsx(2,55): error TS2307: Cannot find module '@tanstack/react-query' or its corresponding type declarations.
src/pages/admin/StaffManagement.tsx(14,8): error TS2307: Cannot find module 'lucide-react' or its corresponding type declarations.
src/pages/admin/SuppliersManagement.tsx(2,55): error TS2307: Cannot find module '@tanstack/react-query' or its corresponding type declarations.
src/pages/admin/SuppliersManagement.tsx(4,84): error TS2307: Cannot find module 'lucide-react' or its corresponding type declarations.
src/pages/admin/SuppliersManagement.tsx(130,38): error TS7006: Parameter 'supplier' implicitly has an 'any' type.
src/pages/admin/SuppliersManagement.tsx(194,88): error TS7006: Parameter 'product' implicitly has an 'any' type.
src/pages/CartPage.test.tsx(4,23): error TS2307: Cannot find module '@testing-library/user-event' or its corresponding type declarations.
src/pages/CartPage.tsx(33,37): error TS7006: Parameter 'p' implicitly has an 'any' type.
src/pages/DashboardPage.tsx(316,51): error TS7006: Parameter 'order' implicitly has an 'any' type.
src/pages/DashboardPage.tsx(359,50): error TS7006: Parameter 'invoice' implicitly has an 'any' type.
src/pages/driver/DriverDashboard.tsx(2,55): error TS2307: Cannot find module '@tanstack/react-query' or its corresponding type declarations.
src/pages/driver/DriverDashboard.tsx(182,26): error TS7006: Parameter 'order' implicitly has an 'any' type.
src/pages/OrdersPage.test.tsx(4,23): error TS2307: Cannot find module '@testing-library/user-event' or its corresponding type declarations.
src/pages/OrdersPage.tsx(110,22): error TS7006: Parameter 'order' implicitly has an 'any' type.
src/pages/OrdersPage.tsx(113,14): error TS7006: Parameter 'sum' implicitly has an 'any' type.
src/pages/OrdersPage.tsx(113,19): error TS7006: Parameter 'item' implicitly has an 'any' type.
src/pages/OrdersPage.tsx(213,39): error TS7006: Parameter 'item' implicitly has an 'any' type.
src/pages/packer/PackerDashboard.tsx(46,56): error TS7006: Parameter 'item' implicitly has an 'any' type.
src/pages/packer/PackerDashboard.tsx(107,27): error TS7006: Parameter 'order' implicitly has an 'any' type.
src/pages/packer/PackerDashboard.tsx(137,47): error TS7006: Parameter 'i' implicitly has an 'any' type.
src/pages/packer/PackerDashboard.tsx(140,47): error TS7006: Parameter 'i' implicitly has an 'any' type.
src/pages/packer/PackerDashboard.tsx(185,51): error TS7006: Parameter 'item' implicitly has an 'any' type.
src/pages/ProfilePage.test.tsx(4,23): error TS2307: Cannot find module '@testing-library/user-event' or its corresponding type declarations.
src/pages/VerifyCodePage.test.tsx(3,23): error TS2307: Cannot find module '@testing-library/user-event' or its corresponding type declarations.
src/test/utils.tsx(4,50): error TS2307: Cannot find module '@tanstack/react-query' or its corresponding type declarations.
