
> backend@1.0.0 test
> vitest --run

